Archive member included because of file (symbol)

c:/winavr-20100110/bin/../lib/gcc/avr/4.3.3/avr5\libgcc.a(_exit.o)
                              c:/winavr-20100110/bin/../lib/gcc/avr/4.3.3/../../../../avr/lib/avr5/crtm32.o (exit)
c:/winavr-20100110/bin/../lib/gcc/avr/4.3.3/avr5\libgcc.a(_copy_data.o)
                              ./Application/app.o (__do_copy_data)
c:/winavr-20100110/bin/../lib/gcc/avr/4.3.3/avr5\libgcc.a(_clear_bss.o)
                              ./MCAL/Timer1/timer1.o (__do_clear_bss)

Memory Configuration

Name             Origin             Length             Attributes
text             0x00000000         0x00020000         xr
data             0x00800060         0x0000ffa0         rw !x
eeprom           0x00810000         0x00010000         rw !x
fuse             0x00820000         0x00000400         rw !x
lock             0x00830000         0x00000400         rw !x
signature        0x00840000         0x00000400         rw !x
*default*        0x00000000         0xffffffff

Linker script and memory map

LOAD c:/winavr-20100110/bin/../lib/gcc/avr/4.3.3/../../../../avr/lib/avr5/crtm32.o
LOAD ./Main_Function/main.o
LOAD ./MCAL/Timer1/timer1.o
LOAD ./MCAL/Timer0/timer0.o
LOAD ./MCAL/GPIO/gpio.o
LOAD ./MCAL/External_Interrupts/external_interrupts.o
LOAD ./HAL/led.o
LOAD ./Application/app.o
LOAD c:/winavr-20100110/bin/../lib/gcc/avr/4.3.3/avr5\libgcc.a
LOAD c:/winavr-20100110/bin/../lib/gcc/avr/4.3.3/../../../../avr/lib/avr5\libc.a
LOAD c:/winavr-20100110/bin/../lib/gcc/avr/4.3.3/avr5\libgcc.a

.hash
 *(.hash)

.dynsym
 *(.dynsym)

.dynstr
 *(.dynstr)

.gnu.version
 *(.gnu.version)

.gnu.version_d
 *(.gnu.version_d)

.gnu.version_r
 *(.gnu.version_r)

.rel.init
 *(.rel.init)

.rela.init
 *(.rela.init)

.rel.text
 *(.rel.text)
 *(.rel.text.*)
 *(.rel.gnu.linkonce.t*)

.rela.text
 *(.rela.text)
 *(.rela.text.*)
 *(.rela.gnu.linkonce.t*)

.rel.fini
 *(.rel.fini)

.rela.fini
 *(.rela.fini)

.rel.rodata
 *(.rel.rodata)
 *(.rel.rodata.*)
 *(.rel.gnu.linkonce.r*)

.rela.rodata
 *(.rela.rodata)
 *(.rela.rodata.*)
 *(.rela.gnu.linkonce.r*)

.rel.data
 *(.rel.data)
 *(.rel.data.*)
 *(.rel.gnu.linkonce.d*)

.rela.data
 *(.rela.data)
 *(.rela.data.*)
 *(.rela.gnu.linkonce.d*)

.rel.ctors
 *(.rel.ctors)

.rela.ctors
 *(.rela.ctors)

.rel.dtors
 *(.rel.dtors)

.rela.dtors
 *(.rela.dtors)

.rel.got
 *(.rel.got)

.rela.got
 *(.rela.got)

.rel.bss
 *(.rel.bss)

.rela.bss
 *(.rela.bss)

.rel.plt
 *(.rel.plt)

.rela.plt
 *(.rela.plt)

.text           0x00000000     0x13e8
 *(.vectors)
 .vectors       0x00000000       0x54 c:/winavr-20100110/bin/../lib/gcc/avr/4.3.3/../../../../avr/lib/avr5/crtm32.o
                0x00000000                __vectors
                0x00000000                __vector_default
 *(.vectors)
 *(.progmem.gcc*)
 *(.progmem*)
                0x00000054                . = ALIGN (0x2)
                0x00000054                __trampolines_start = .
 *(.trampolines)
 .trampolines   0x00000054        0x0 linker stubs
 *(.trampolines*)
                0x00000054                __trampolines_end = .
 *(.jumptables)
 *(.jumptables*)
 *(.lowtext)
 *(.lowtext*)
                0x00000054                __ctors_start = .
 *(.ctors)
                0x00000054                __ctors_end = .
                0x00000054                __dtors_start = .
 *(.dtors)
                0x00000054                __dtors_end = .
 SORT(*)(.ctors)
 SORT(*)(.dtors)
 *(.init0)
 .init0         0x00000054        0x0 c:/winavr-20100110/bin/../lib/gcc/avr/4.3.3/../../../../avr/lib/avr5/crtm32.o
                0x00000054                __init
 *(.init0)
 *(.init1)
 *(.init1)
 *(.init2)
 .init2         0x00000054        0xc c:/winavr-20100110/bin/../lib/gcc/avr/4.3.3/../../../../avr/lib/avr5/crtm32.o
 *(.init2)
 *(.init3)
 *(.init3)
 *(.init4)
 .init4         0x00000060       0x16 c:/winavr-20100110/bin/../lib/gcc/avr/4.3.3/avr5\libgcc.a(_copy_data.o)
                0x00000060                __do_copy_data
 .init4         0x00000076       0x10 c:/winavr-20100110/bin/../lib/gcc/avr/4.3.3/avr5\libgcc.a(_clear_bss.o)
                0x00000076                __do_clear_bss
 *(.init4)
 *(.init5)
 *(.init5)
 *(.init6)
 *(.init6)
 *(.init7)
 *(.init7)
 *(.init8)
 *(.init8)
 *(.init9)
 .init9         0x00000086        0x8 c:/winavr-20100110/bin/../lib/gcc/avr/4.3.3/../../../../avr/lib/avr5/crtm32.o
 *(.init9)
 *(.text)
 .text          0x0000008e        0x4 c:/winavr-20100110/bin/../lib/gcc/avr/4.3.3/../../../../avr/lib/avr5/crtm32.o
                0x0000008e                __vector_12
                0x0000008e                __bad_interrupt
                0x0000008e                __vector_6
                0x0000008e                __vector_13
                0x0000008e                __vector_17
                0x0000008e                __vector_19
                0x0000008e                __vector_5
                0x0000008e                __vector_4
                0x0000008e                __vector_15
                0x0000008e                __vector_8
                0x0000008e                __vector_14
                0x0000008e                __vector_16
                0x0000008e                __vector_18
                0x0000008e                __vector_20
 .text          0x00000092        0x0 ./Main_Function/main.o
 .text          0x00000092        0x0 ./MCAL/Timer1/timer1.o
 .text          0x00000092        0x0 ./MCAL/Timer0/timer0.o
 .text          0x00000092        0x0 ./MCAL/GPIO/gpio.o
 .text          0x00000092        0x0 ./MCAL/External_Interrupts/external_interrupts.o
 .text          0x00000092        0x0 ./HAL/led.o
 .text          0x00000092        0x0 ./Application/app.o
 .text          0x00000092        0x0 c:/winavr-20100110/bin/../lib/gcc/avr/4.3.3/avr5\libgcc.a(_exit.o)
 .text          0x00000092        0x0 c:/winavr-20100110/bin/../lib/gcc/avr/4.3.3/avr5\libgcc.a(_copy_data.o)
 .text          0x00000092        0x0 c:/winavr-20100110/bin/../lib/gcc/avr/4.3.3/avr5\libgcc.a(_clear_bss.o)
                0x00000092                . = ALIGN (0x2)
 *(.text.*)
 .text.main     0x00000092        0xe ./Main_Function/main.o
                0x00000092                main
 .text.__vector_7
                0x000000a0       0x66 ./MCAL/Timer1/timer1.o
                0x000000a0                __vector_7
 .text.__vector_9
                0x00000106       0x66 ./MCAL/Timer1/timer1.o
                0x00000106                __vector_9
 .text.Timer1_init
                0x0000016c       0xe4 ./MCAL/Timer1/timer1.o
                0x0000016c                Timer1_init
 .text.Timer1_deInit
                0x00000250       0x38 ./MCAL/Timer1/timer1.o
                0x00000250                Timer1_deInit
 .text.Timer1_setCallBack
                0x00000288       0x24 ./MCAL/Timer1/timer1.o
                0x00000288                Timer1_setCallBack
 .text.__vector_10
                0x000002ac       0x66 ./MCAL/Timer0/timer0.o
                0x000002ac                __vector_10
 .text.__vector_11
                0x00000312       0x66 ./MCAL/Timer0/timer0.o
                0x00000312                __vector_11
 .text.Timer0_init
                0x00000378       0xd6 ./MCAL/Timer0/timer0.o
                0x00000378                Timer0_init
 .text.Timer0_deInit
                0x0000044e       0x2e ./MCAL/Timer0/timer0.o
                0x0000044e                Timer0_deInit
 .text.Timer0_setCallBack
                0x0000047c       0x24 ./MCAL/Timer0/timer0.o
                0x0000047c                Timer0_setCallBack
 .text.GPIO_setupPinDirection
                0x000004a0      0x1de ./MCAL/GPIO/gpio.o
                0x000004a0                GPIO_setupPinDirection
 .text.GPIO_writePin
                0x0000067e      0x18e ./MCAL/GPIO/gpio.o
                0x0000067e                GPIO_writePin
 .text.GPIO_readPin
                0x0000080c      0x136 ./MCAL/GPIO/gpio.o
                0x0000080c                GPIO_readPin
 .text.GPIO_setupPortDirection
                0x00000942       0x96 ./MCAL/GPIO/gpio.o
                0x00000942                GPIO_setupPortDirection
 .text.GPIO_writePort
                0x000009d8       0x96 ./MCAL/GPIO/gpio.o
                0x000009d8                GPIO_writePort
 .text.GPIO_readPort
                0x00000a6e       0x8a ./MCAL/GPIO/gpio.o
                0x00000a6e                GPIO_readPort
 .text.__vector_1
                0x00000af8       0x66 ./MCAL/External_Interrupts/external_interrupts.o
                0x00000af8                __vector_1
 .text.__vector_2
                0x00000b5e       0x66 ./MCAL/External_Interrupts/external_interrupts.o
                0x00000b5e                __vector_2
 .text.__vector_3
                0x00000bc4       0x66 ./MCAL/External_Interrupts/external_interrupts.o
                0x00000bc4                __vector_3
 .text.EXT_Interrupts_interruptSetup
                0x00000c2a      0x192 ./MCAL/External_Interrupts/external_interrupts.o
                0x00000c2a                EXT_Interrupts_interruptSetup
 .text.LED_setup
                0x00000dbc       0x4c ./HAL/led.o
                0x00000dbc                LED_setup
 .text.LED_on   0x00000e08       0x22 ./HAL/led.o
                0x00000e08                LED_on
 .text.LED_off  0x00000e2a       0x22 ./HAL/led.o
                0x00000e2a                LED_off
 .text.LED_toggle
                0x00000e4c       0x42 ./HAL/led.o
                0x00000e4c                LED_toggle
 .text.app_start
                0x00000e8e       0x4e ./Application/app.o
                0x00000e8e                app_start
 .text.setup_LEDs
                0x00000edc       0x34 ./Application/app.o
                0x00000edc                setup_LEDs
 .text.button_callBack
                0x00000f10       0x26 ./Application/app.o
                0x00000f10                button_callBack
 .text.timer1_callBack
                0x00000f36      0x30c ./Application/app.o
                0x00000f36                timer1_callBack
 .text.timer0_callBack
                0x00001242      0x17e ./Application/app.o
                0x00001242                timer0_callBack
 .text.reinitializeForNormalMode
                0x000013c0       0x24 ./Application/app.o
                0x000013c0                reinitializeForNormalMode
 .text.libgcc   0x000013e4        0x0 c:/winavr-20100110/bin/../lib/gcc/avr/4.3.3/avr5\libgcc.a(_exit.o)
 .text.libgcc   0x000013e4        0x0 c:/winavr-20100110/bin/../lib/gcc/avr/4.3.3/avr5\libgcc.a(_copy_data.o)
 .text.libgcc   0x000013e4        0x0 c:/winavr-20100110/bin/../lib/gcc/avr/4.3.3/avr5\libgcc.a(_clear_bss.o)
                0x000013e4                . = ALIGN (0x2)
 *(.fini9)
 .fini9         0x000013e4        0x0 c:/winavr-20100110/bin/../lib/gcc/avr/4.3.3/avr5\libgcc.a(_exit.o)
                0x000013e4                exit
                0x000013e4                _exit
 *(.fini9)
 *(.fini8)
 *(.fini8)
 *(.fini7)
 *(.fini7)
 *(.fini6)
 *(.fini6)
 *(.fini5)
 *(.fini5)
 *(.fini4)
 *(.fini4)
 *(.fini3)
 *(.fini3)
 *(.fini2)
 *(.fini2)
 *(.fini1)
 *(.fini1)
 *(.fini0)
 .fini0         0x000013e4        0x4 c:/winavr-20100110/bin/../lib/gcc/avr/4.3.3/avr5\libgcc.a(_exit.o)
 *(.fini0)
                0x000013e8                _etext = .

.data           0x00800060       0x10 load address 0x000013e8
                0x00800060                PROVIDE (__data_start, .)
 *(.data)
 .data          0x00800060        0x0 c:/winavr-20100110/bin/../lib/gcc/avr/4.3.3/../../../../avr/lib/avr5/crtm32.o
 .data          0x00800060        0x0 ./Main_Function/main.o
 .data          0x00800060        0x0 ./MCAL/Timer1/timer1.o
 .data          0x00800060        0x0 ./MCAL/Timer0/timer0.o
 .data          0x00800060        0x0 ./MCAL/GPIO/gpio.o
 .data          0x00800060        0x0 ./MCAL/External_Interrupts/external_interrupts.o
 .data          0x00800060        0x0 ./HAL/led.o
 .data          0x00800060        0x0 ./Application/app.o
 .data          0x00800060        0x0 c:/winavr-20100110/bin/../lib/gcc/avr/4.3.3/avr5\libgcc.a(_exit.o)
 .data          0x00800060        0x0 c:/winavr-20100110/bin/../lib/gcc/avr/4.3.3/avr5\libgcc.a(_copy_data.o)
 .data          0x00800060        0x0 c:/winavr-20100110/bin/../lib/gcc/avr/4.3.3/avr5\libgcc.a(_clear_bss.o)
 *(.data*)
 .data.Timer0_Struct
                0x00800060        0x6 ./Application/app.o
 .data.Timer1_Struct
                0x00800066        0x6 ./Application/app.o
 .data.normal_yellow_on
                0x0080006c        0x1 ./Application/app.o
                0x0080006c                normal_yellow_on
 .data.g_button_interrupt_flag
                0x0080006d        0x1 ./Application/app.o
                0x0080006d                g_button_interrupt_flag
 .data.yellow_on.1400
                0x0080006e        0x1 ./Application/app.o
 *(.rodata)
 *(.rodata*)
 *(.gnu.linkonce.d*)
                0x00800070                . = ALIGN (0x2)
 *fill*         0x0080006f        0x1 00
                0x00800070                _edata = .
                0x00800070                PROVIDE (__data_end, .)

.bss            0x00800070       0x14
                0x00800070                PROVIDE (__bss_start, .)
 *(.bss)
 .bss           0x00800070        0x0 c:/winavr-20100110/bin/../lib/gcc/avr/4.3.3/../../../../avr/lib/avr5/crtm32.o
 .bss           0x00800070        0x0 ./Main_Function/main.o
 .bss           0x00800070        0x0 ./MCAL/Timer1/timer1.o
 .bss           0x00800070        0x0 ./MCAL/Timer0/timer0.o
 .bss           0x00800070        0x0 ./MCAL/GPIO/gpio.o
 .bss           0x00800070        0x0 ./MCAL/External_Interrupts/external_interrupts.o
 .bss           0x00800070        0x0 ./HAL/led.o
 .bss           0x00800070        0x0 ./Application/app.o
 .bss           0x00800070        0x0 c:/winavr-20100110/bin/../lib/gcc/avr/4.3.3/avr5\libgcc.a(_exit.o)
 .bss           0x00800070        0x0 c:/winavr-20100110/bin/../lib/gcc/avr/4.3.3/avr5\libgcc.a(_copy_data.o)
 .bss           0x00800070        0x0 c:/winavr-20100110/bin/../lib/gcc/avr/4.3.3/avr5\libgcc.a(_clear_bss.o)
 *(.bss*)
 .bss.g_callBackPtr
                0x00800070        0x2 ./MCAL/Timer1/timer1.o
 .bss.g_callBackPtr
                0x00800072        0x2 ./MCAL/Timer0/timer0.o
 .bss.g_callBackPtr0
                0x00800074        0x2 ./MCAL/External_Interrupts/external_interrupts.o
 .bss.g_callBackPtr1
                0x00800076        0x2 ./MCAL/External_Interrupts/external_interrupts.o
 .bss.g_callBackPtr2
                0x00800078        0x2 ./MCAL/External_Interrupts/external_interrupts.o
 .bss.g_car_red_on
                0x0080007a        0x1 ./Application/app.o
 .bss.g_car_yellow_on
                0x0080007b        0x1 ./Application/app.o
 .bss.g_car_green_on
                0x0080007c        0x1 ./Application/app.o
 .bss.normal_state
                0x0080007d        0x1 ./Application/app.o
                0x0080007d                normal_state
 .bss.normal_interrupt_counter
                0x0080007e        0x2 ./Application/app.o
                0x0080007e                normal_interrupt_counter
 .bss.normal_yellow_LED_counter
                0x00800080        0x1 ./Application/app.o
                0x00800080                normal_yellow_LED_counter
 .bss.mode_subState.1402
                0x00800081        0x1 ./Application/app.o
 .bss.mode_state.1401
                0x00800082        0x1 ./Application/app.o
 .bss.seconds.1399
                0x00800083        0x1 ./Application/app.o
 *(COMMON)
                0x00800084                PROVIDE (__bss_end, .)
                0x000013e8                __data_load_start = LOADADDR (.data)
                0x000013f8                __data_load_end = (__data_load_start + SIZEOF (.data))

.noinit         0x00800084        0x0
                0x00800084                PROVIDE (__noinit_start, .)
 *(.noinit*)
                0x00800084                PROVIDE (__noinit_end, .)
                0x00800084                _end = .
                0x00800084                PROVIDE (__heap_start, .)

.eeprom         0x00810000        0x0
 *(.eeprom*)
                0x00810000                __eeprom_end = .

.fuse
 *(.fuse)
 *(.lfuse)
 *(.hfuse)
 *(.efuse)

.lock
 *(.lock*)

.signature
 *(.signature*)

.stab           0x00000000     0x2ae4
 *(.stab)
 .stab          0x00000000      0x5ac ./Main_Function/main.o
 .stab          0x000005ac      0x408 ./MCAL/Timer1/timer1.o
                                0x5c4 (size before relaxing)
 .stab          0x000009b4      0x3fc ./MCAL/Timer0/timer0.o
                                0x5b8 (size before relaxing)
 .stab          0x00000db0      0x6d8 ./MCAL/GPIO/gpio.o
                                0x894 (size before relaxing)
 .stab          0x00001488      0x498 ./MCAL/External_Interrupts/external_interrupts.o
                                0x654 (size before relaxing)
 .stab          0x00001920      0x528 ./HAL/led.o
                                0x6e4 (size before relaxing)
 .stab          0x00001e48      0xc9c ./Application/app.o
                                0xe58 (size before relaxing)

.stabstr        0x00000000     0x2701
 *(.stabstr)
 .stabstr       0x00000000     0x2701 ./Main_Function/main.o

.stab.excl
 *(.stab.excl)

.stab.exclstr
 *(.stab.exclstr)

.stab.index
 *(.stab.index)

.stab.indexstr
 *(.stab.indexstr)

.comment
 *(.comment)

.debug
 *(.debug)

.line
 *(.line)

.debug_srcinfo
 *(.debug_srcinfo)

.debug_sfnames
 *(.debug_sfnames)

.debug_aranges
 *(.debug_aranges)

.debug_pubnames
 *(.debug_pubnames)

.debug_info
 *(.debug_info)
 *(.gnu.linkonce.wi.*)

.debug_abbrev
 *(.debug_abbrev)

.debug_line
 *(.debug_line)

.debug_frame
 *(.debug_frame)

.debug_str
 *(.debug_str)

.debug_loc
 *(.debug_loc)

.debug_macinfo
 *(.debug_macinfo)
OUTPUT(Embedded_Project.elf elf32-avr)
LOAD linker stubs
